
> waquran-app@0.1.0 build
> next build

   ??? Next.js 15.3.9
   - Environments: .env.local

   Creating an optimized production build ...
> [PWA] Compile server
> [PWA] Compile server
> [PWA] Compile client (static)
> [PWA] Auto register service worker with: C:\Users\dimdim\Documents\quranchat-main\node_modules\next-pwa\register.js
> [PWA] Service worker: C:\Users\dimdim\Documents\quranchat-main\public\sw.js
> [PWA]   url: /sw.js
> [PWA]   scope: /
> [PWA] Fallback to precache routes when fetch failed from cache or network:
> [PWA]   document (page): /offline.html
node.exe : Browserslist: browsers data (caniuse-lite) is 
12 months old. Please run:
At C:\nvm4w\nodejs\npm.ps1:29 char:3
+   & $NODE_EXE $NPM_CLI_JS $args
+   ~~~~~~~~~~~~~~~~~~~~~~~~~~~~~
    + CategoryInfo          : NotSpecified: (Brow    
serslist: b...ld. Please run::String) [], Rem    
oteException
    + FullyQualifiedErrorId : NativeCommandError
 
  npx update-browserslist-db@latest
  Why you should do it regularly: 
https://github.com/browserslist/update-db#readme
 ??? Compiled successfully in 12.0s
   Linting and checking validity of types ...

Failed to compile.

./app/iquran/page.tsx
3:52  Error: 'useMemo' is defined but never used.  
@typescript-eslint/no-unused-vars

info  - Need to disable some ESLint rules? Learn more 
here: https://nextjs.org/docs/app/api-reference/config/esl
int#disabling-rules
